sol_1: 0.000
sol_2: 0.000
sol_3: 0.000
sol_4: 0.000
sol_5: 0.000
sol_6: 0.333
sol_7: 0.333
sol_8: 0.333
